bun test v1.3.1-canary.3 (f673ed88)
bun : 
At line:1 char:1
+ bun test tests/unit
/core/animations/Anim
ation.test.ts 
--verbose 2>&1  ...
+ ~~~~~~~~~~~~~~~~~~~
~~~~~~~~~~~~~~~~~~~~~
~~~~~~~~~~~~~~~~~~~~~
~~~~~~~
    + CategoryInfo   
           : NotSpe  
  cified: (:String   
 ) [], RemoteExce    
ption
    + FullyQualified 
   ErrorId : Native  
  CommandError
 
tests\unit\core\anima
tions\Animation.test.
ts:
(pass) Animation 
Base Class > 
Constructor > should 
store the target 
Mobject [16.00ms]
(pass) Animation 
Base Class > 
Constructor > should 
set default duration 
to 1 second
(pass) Animation 
Base Class > 
Constructor > should 
set default easing 
to smooth
(pass) Animation 
Base Class > 
Constructor > should 
set default delay to 
0
(pass) Animation 
Base Class > 
duration() method > 
should change the 
duration
(pass) Animation 
Base Class > 
duration() method > 
should return this 
for chaining
(pass) Animation 
Base Class > 
duration() method > 
should throw for 
non-positive duration
(pass) Animation 
Base Class > ease() 
method > should 
change the easing 
function
(pass) Animation 
Base Class > ease() 
method > should 
return this for 
chaining
(pass) Animation 
Base Class > delay() 
method > should 
change the delay
(pass) Animation 
Base Class > delay() 
method > should 
return this for 
chaining
(pass) Animation 
Base Class > delay() 
method > should 
throw for negative 
delay
(pass) Animation 
Base Class > delay() 
method > should 
allow zero delay
(pass) Animation 
Base Class > Fluent 
chaining > should 
support full chain
(pass) Animation 
Base Class > 
getConfig() > should 
return full 
configuration
(pass) Animation 
Base Class > 
update() method > 
should apply easing 
and call interpolate
(pass) Animation 
Base Class > 
update() method > 
should clamp 
progress below 0
(pass) Animation 
Base Class > 
update() method > 
should clamp 
progress above 1
(pass) Animation 
Base Class > 
update() method > 
should apply easing 
function
 9 | const safeNaN = 
Number.NaN;
10 | function 
safeFloatToIndex(f, 
constraintsLabel) {
11 |     const 
conversionTrick = 
'you can convert any 
double to a 32-bit 
float by using `Math.
fround(myDouble)`';
12 |     const 
errorMessage = 
'fc.float 
constraints.' + 
constraintsLabel + ' 
must be a 32-bit 
float - ' + 
conversionTrick;
13 |     if 
(safeNumberIsNaN(f) 
|| safeMathFround(f) 
!== f) {
14 |         throw 
new 
Error(errorMessage);
                     
                    ^
error: fc.float 
constraints.min must 
be a 32-bit float - 
you can convert any 
double to a 32-bit 
float by using `Math.
fround(myDouble)`
      at 
safeFloatToIndex (C:\
Users\Charles\Desktop
\anima\node_modules\f
ast-check\lib\arbitra
ry\float.js:14:37)
      at anyFloat (C:
\Users\Charles\Deskto
p\anima\node_modules\
fast-check\lib\arbitr
ary\float.js:28:25)
      at <anonymous> 
(C:\Users\Charles\Des
ktop\anima\tests\unit
\core\animations\Anim
ation.test.ts:163:24)
(fail) Animation 
Base Class > 
Property-based tests 
> should accept any 
positive duration
(pass) Animation 
Base Class > 
Property-based tests 
> should accept any 
non-negative delay
(pass) Animation 
Base Class > 
Property-based tests 
> should clamp 
progress to [0, 1] 
before easing 
[15.00ms]

1 tests failed:
(fail) Animation 
Base Class > 
Property-based tests 
> should accept any 
positive duration

 21 pass
 1 fail
 26 expect() calls
Ran 22 tests across 
1 file. [164.00ms]
